// Jest Snapshot v1, https://goo.gl/fbAQLP

exports[`<ItemService /> check object is true value 1`] = `ShallowWrapper {}`;
